This is XeTeX, Version 3.141592653-2.6-0.999998 (MiKTeX 26.5) (preloaded format=xelatex 2026.6.29)  2 SEP 2026 10:58
entering extended mode
 restricted \write18 enabled.
 %&-line parsing enabled.
**"./Cover Letter.tex"
(Cover Letter.tex
LaTeX2e <2026-06-01>
L3 programming layer <2026-06-18>
(C:\Users\joses\AppData\Local\Programs\MiKTeX\tex/latex/base\letter.cls
Document Class: letter 2024/08/12 v1.3c Standard LaTeX document class
(C:\Users\joses\AppData\Local\Programs\MiKTeX\tex/latex/base\size11.clo
File: size11.clo 2025/01/22 v1.4n Standard LaTeX file (size option)
)
\longindentation=\dimen150
\indentedwidth=\dimen151
\labelcount=\count273
)
(C:\Users\joses\AppData\Local\Programs\MiKTeX\tex/latex/l3backend\l3backend-xet
ex.def
File: l3backend-xetex.def 2026-02-18 L3 backend support: XeTeX
\g__graphics_track_int=\count274
\g__pdfannot_backend_int=\count275
\g__pdfannot_backend_link_int=\count276
) (Cover Letter.aux)
\openout1 = `"Cover Letter.aux"'.

LaTeX Font Info:    Checking defaults for OML/cmm/m/it on input line 16.
LaTeX Font Info:    ... okay on input line 16.
LaTeX Font Info:    Checking defaults for OMS/cmsy/m/n on input line 16.
LaTeX Font Info:    ... okay on input line 16.
LaTeX Font Info:    Checking defaults for OT1/cmr/m/n on input line 16.
LaTeX Font Info:    ... okay on input line 16.
LaTeX Font Info:    Checking defaults for T1/cmr/m/n on input line 16.
LaTeX Font Info:    ... okay on input line 16.
LaTeX Font Info:    Checking defaults for TS1/cmr/m/n on input line 16.
LaTeX Font Info:    ... okay on input line 16.
LaTeX Font Info:    Checking defaults for TU/lmr/m/n on input line 16.
LaTeX Font Info:    ... okay on input line 16.
LaTeX Font Info:    Checking defaults for OMX/cmex/m/n on input line 16.
LaTeX Font Info:    ... okay on input line 16.
LaTeX Font Info:    Checking defaults for U/cmr/m/n on input line 16.
LaTeX Font Info:    ... okay on input line 16.
LaTeX Font Info:    External font `cmex10' loaded for size
(Font)              <10.95> on input line 25.
LaTeX Font Info:    External font `cmex10' loaded for size
(Font)              <8> on input line 25.
LaTeX Font Info:    External font `cmex10' loaded for size
(Font)              <6> on input line 25.
 [1

] (Cover Letter.aux)
 ***********
LaTeX2e <2026-06-01>
L3 programming layer <2026-06-18>
 ***********
 ) 
Here is how much of TeX's memory you used:
 392 strings out of 402629
 7965 string characters out of 5439127
 436017 words of memory out of 5000000
 29520 multiletter control sequences out of 15000+600000
 630476 words of font info for 51 fonts, out of 8000000 for 9000
 1348 hyphenation exceptions out of 8191
 35i,5n,38p,1444b,153s stack positions out of 10000i,1000n,20000p,200000b,200000s

Output written on Cover Letter.pdf (1 page).
